// Vitest Snapshot v1

exports[`DeletableField > should render correctly 1`] = `
<DocumentFragment>
  .emotion-0 {
  display: -webkit-box;
  display: -webkit-flex;
  display: -ms-flexbox;
  display: flex;
  -webkit-flex-direction: row-reverse;
  -ms-flex-direction: row-reverse;
  flex-direction: row-reverse;
}

.emotion-2 {
  border-radius: 0 10px 10px 0;
  border: 1px solid #365463;
  padding: 8px 20px;
  display: -webkit-box;
  display: -webkit-flex;
  display: -ms-flexbox;
  display: flex;
  -webkit-align-items: center;
  -webkit-box-align: center;
  -ms-flex-align: center;
  align-items: center;
  -webkit-box-pack: center;
  -ms-flex-pack: center;
  -webkit-justify-content: center;
  justify-content: center;
  background-color: #cfdce2;
  color: #365463;
  cursor: pointer;
}

.emotion-2:hover {
  background-color: #dfe8ec;
}

.emotion-2 svg {
  width: 15px;
  height: 15px;
}

.emotion-4 {
  font-family: inherit;
  font-size: 14px;
  font-weight: 500;
  padding: 10px 15px;
  border-radius: 10px;
  border: 1px solid #365463;
  background-color: #fff;
  color: #365463;
  -webkit-flex: 1;
  -ms-flex: 1;
  flex: 1;
  border-right: none;
  border-top-right-radius: 0;
  border-bottom-right-radius: 0;
}

.emotion-4::-webkit-input-placeholder {
  color: #365463;
  opacity: 1;
}

.emotion-4::-moz-placeholder {
  color: #365463;
  opacity: 1;
}

.emotion-4:-ms-input-placeholder {
  color: #365463;
  opacity: 1;
}

.emotion-4::placeholder {
  color: #365463;
  opacity: 1;
}

<div
    class="emotion-0 emotion-1"
  >
    <button
      class="emotion-2 emotion-3"
      type="button"
    >
      <svg
        viewBox="0 0 512.001 512.001"
        xmlns="http://www.w3.org/2000/svg"
      >
        <path
          d="M294.111 256.001L504.109 46.003c10.523-10.524 10.523-27.586 0-38.109-10.524-10.524-27.587-10.524-38.11 0L256 217.892 46.002 7.894C35.478-2.63 18.416-2.63 7.893 7.894s-10.524 27.586 0 38.109l209.998 209.998L7.893 465.999c-10.524 10.524-10.524 27.586 0 38.109 10.524 10.524 27.586 10.523 38.109 0L256 294.11l209.997 209.998c10.524 10.524 27.587 10.523 38.11 0 10.523-10.524 10.523-27.586 0-38.109L294.111 256.001z"
          fill="currentColor"
        />
      </svg>
    </button>
    <input
      class="emotion-4 emotion-5"
    />
  </div>
</DocumentFragment>
`;
