// Vitest Snapshot v1

exports[`TagInput > should render correctly 1`] = `
<DocumentFragment>
  .emotion-0 {
  display: -webkit-box;
  display: -webkit-flex;
  display: -ms-flexbox;
  display: flex;
  -webkit-flex-direction: row;
  -ms-flex-direction: row;
  flex-direction: row;
  -webkit-box-flex-wrap: wrap;
  -webkit-flex-wrap: wrap;
  -ms-flex-wrap: wrap;
  flex-wrap: wrap;
  gap: 10px;
  padding: 10px 15px;
  border-radius: 10px;
  border: 1px solid #365463;
  background-color: #fff;
}

.emotion-2 {
  display: -webkit-box;
  display: -webkit-flex;
  display: -ms-flexbox;
  display: flex;
  gap: 10px;
  -webkit-box-pack: center;
  -ms-flex-pack: center;
  -webkit-justify-content: center;
  justify-content: center;
  -webkit-align-items: center;
  -webkit-box-align: center;
  -ms-flex-align: center;
  align-items: center;
  background-color: #cfdce2;
  padding: 5px 10px;
  border-radius: 10px;
  font-size: 14px;
  font-weight: 500;
}

.emotion-4 {
  border-radius: 50%;
  border: none;
  display: -webkit-box;
  display: -webkit-flex;
  display: -ms-flexbox;
  display: flex;
  width: 20px;
  height: 20px;
  -webkit-box-pack: center;
  -ms-flex-pack: center;
  -webkit-justify-content: center;
  justify-content: center;
  -webkit-align-items: center;
  -webkit-box-align: center;
  -ms-flex-align: center;
  align-items: center;
  font-weight: 500;
  padding: 5px;
  background-color: #dfe8ec;
  color: #023;
}

.emotion-10 {
  -webkit-flex: 1;
  -ms-flex: 1;
  flex: 1;
  font-family: inherit;
  font-size: 14px;
  font-weight: 500;
  border: none;
  padding: 5px 10px;
  min-width: 0;
  background-color: #fff;
}

.emotion-10::-webkit-input-placeholder {
  color: #365463;
  opacity: 1;
}

.emotion-10::-moz-placeholder {
  color: #365463;
  opacity: 1;
}

.emotion-10:-ms-input-placeholder {
  color: #365463;
  opacity: 1;
}

.emotion-10::placeholder {
  color: #365463;
  opacity: 1;
}

.emotion-10:focus {
  outline: none;
}

<div
    class="emotion-0 emotion-1"
  >
    <span
      class="emotion-2 emotion-3"
    >
      tag1
      <button
        aria-label="tag1"
        class="emotion-4 emotion-5"
        type="button"
      >
        <svg
          viewBox="0 0 512.001 512.001"
          xmlns="http://www.w3.org/2000/svg"
        >
          <path
            d="M294.111 256.001L504.109 46.003c10.523-10.524 10.523-27.586 0-38.109-10.524-10.524-27.587-10.524-38.11 0L256 217.892 46.002 7.894C35.478-2.63 18.416-2.63 7.893 7.894s-10.524 27.586 0 38.109l209.998 209.998L7.893 465.999c-10.524 10.524-10.524 27.586 0 38.109 10.524 10.524 27.586 10.523 38.109 0L256 294.11l209.997 209.998c10.524 10.524 27.587 10.523 38.11 0 10.523-10.524 10.523-27.586 0-38.109L294.111 256.001z"
            fill="currentColor"
          />
        </svg>
      </button>
    </span>
    <span
      class="emotion-2 emotion-3"
    >
      tag2
      <button
        aria-label="tag2"
        class="emotion-4 emotion-5"
        type="button"
      >
        <svg
          viewBox="0 0 512.001 512.001"
          xmlns="http://www.w3.org/2000/svg"
        >
          <path
            d="M294.111 256.001L504.109 46.003c10.523-10.524 10.523-27.586 0-38.109-10.524-10.524-27.587-10.524-38.11 0L256 217.892 46.002 7.894C35.478-2.63 18.416-2.63 7.893 7.894s-10.524 27.586 0 38.109l209.998 209.998L7.893 465.999c-10.524 10.524-10.524 27.586 0 38.109 10.524 10.524 27.586 10.523 38.109 0L256 294.11l209.997 209.998c10.524 10.524 27.587 10.523 38.11 0 10.523-10.524 10.523-27.586 0-38.109L294.111 256.001z"
            fill="currentColor"
          />
        </svg>
      </button>
    </span>
    <input
      class="emotion-10 emotion-11"
      enterkeyhint="next"
      name="test"
      placeholder="Podaj tag..."
      value=""
    />
  </div>
</DocumentFragment>
`;
