// Vitest Snapshot v1

exports[`RecipeProvider > should render correctly 1`] = `
<DocumentFragment>
  .emotion-0 {
  -webkit-text-decoration: none;
  text-decoration: none;
  display: -webkit-box;
  display: -webkit-flex;
  display: -ms-flexbox;
  display: flex;
  -webkit-flex-direction: row;
  -ms-flex-direction: row;
  flex-direction: row;
  -webkit-align-items: center;
  -webkit-box-align: center;
  -ms-flex-align: center;
  align-items: center;
}

.emotion-2 {
  width: 20px;
  height: 20px;
  margin-right: 5px;
}

.emotion-4 {
  color: #0af;
  font-weight: 600;
  font-size: 16px;
  font-size: clamp(16px, 12.307692307692308px + 0.641025641025641vw, 20px);
}

<a
    class="emotion-0 emotion-1"
    href="https://test.test"
    target="_blank"
  >
    <img
      class="emotion-2 emotion-3"
      src="test.jpg"
    />
    <span
      class="emotion-4 emotion-5"
    >
      Test
    </span>
  </a>
</DocumentFragment>
`;
