// Vitest Snapshot v1

exports[`Tag > should render correctly 1`] = `
<DocumentFragment>
  .emotion-1 {
  -webkit-text-decoration: none;
  text-decoration: none;
  background-color: #e7ecef;
  border-radius: 10px;
  padding: 10px;
  color: #0af;
  font-size: 14px;
  font-size: clamp(14px, 12.153846153846153px + 0.3205128205128205vw, 16px);
}

<a
    class="emotion-0 emotion-1 emotion-2"
    href="/tags/test"
  >
    test
  </a>
</DocumentFragment>
`;
