// Vitest Snapshot v1

exports[`scrapper > should scrape valid recipe 1`] = `
{
  "color": "#000000",
  "description": "Przepis dla wielbicieli grejpfrutów, czyli cytrusowa lemoniada z sokiem grejpfrutowym i szczyptą egzotycznego kardamonu.",
  "gallery": [
    "https://pliki.doradcasmaku.pl/grejfrutowa-lemoniada-z-kardamonem0-4.jpg",
  ],
  "id": "1",
  "image": "https://pliki.doradcasmaku.pl/grejfrutowa-lemoniada-z-kardamonem0-4.jpg",
  "ingredients": [
    {
      "text": "woda gazowana 300 mililitrów",
    },
    {
      "text": "grejpfrut różowy 2 sztuki",
    },
    {
      "text": "cytryna 1/2 sztuki",
    },
    {
      "text": "Cukier ze skórką cytryny do ciast i deserów Prymat 1 opakowanie",
    },
    {
      "text": "Kardamon mielony Prymat 1 łyżeczka",
    },
    {
      "text": "lód",
    },
  ],
  "instructions": [
    {
      "text": "1. Cukier ze skórką cytryny oraz kardamon zalewamy odrobiną gorącej wody i mieszamy aż cukier się rozpuści.",
    },
    {
      "text": "2. Wyciskamy sok z grejfruta i cytryny. Sprawdź jak wycisnąć sok z cytrusów bez pestek pod linkiem.",
    },
    {
      "text": "3. Mieszamy wyciśnięty sok, wodę z cukrem i kardamonem, a następnie zalewamy gazowaną wodą.",
    },
    {
      "text": "4. Lemoniadę należy schłodzić przed podaniem w lodówce lub dodać kostki lodu.",
    },
  ],
  "name": "Grejpfrutowa lemoniada z kardamonem",
  "prepTime": 15,
  "rating": 5,
  "servings": 1,
  "tags": [
    "sok z cytryny",
    "kardamon mielony prymat",
    "grejpfrut różowy",
    "napoje",
  ],
}
`;

exports[`scrapper > should scrape valid recipe with ingredients groups 1`] = `
{
  "color": "#000000",
  "description": "Kawa + kawałek ciasta, brzmi jak deser idealny! A co powiecie na połączenie kawy w sezonowej tarcie z malinami? Na sam widok tej słodkości i na myśl o niej aż robi się słodko!",
  "gallery": [
    "https://pliki.doradcasmaku.pl/tarta-z-kremem-kawowym-i-malinami0-4.jpg",
    "https://pliki.doradcasmaku.pl/tarta-z-kremem-kawowym-i-malinami1-4.jpg",
    "https://pliki.doradcasmaku.pl/tarta-z-kremem-kawowym-i-malinami2-4.jpg",
  ],
  "id": "1",
  "image": "https://pliki.doradcasmaku.pl/tarta-z-kremem-kawowym-i-malinami0-4.jpg",
  "ingredients": [
    {
      "group": "CIASTO",
      "text": "mąka 150 g",
    },
    {
      "group": "CIASTO",
      "text": "masło 100 g",
    },
    {
      "group": "CIASTO",
      "text": "cukier puder 50 g",
    },
    {
      "group": "CIASTO",
      "text": "żółtko jajek 2",
    },
    {
      "group": "KREM",
      "text": "cukier puder 5 łyżeczek",
    },
    {
      "group": "KREM",
      "text": "kawa rozpuszczalna 2 łyżeczki",
    },
    {
      "group": "KREM",
      "text": "wrzątek 1 łyżka",
    },
    {
      "group": "KREM",
      "text": "śmietana kremówka 400 g",
    },
    {
      "group": "KREM",
      "text": "serek mascarpone 125 g",
    },
    {
      "group": "KREM",
      "text": "maliny świeże 300 g",
    },
  ],
  "instructions": [
    {
      "text": "1. Mąkę siekamy z zimnym masło aż do uzyskania konsystencji kaszy. Dodajemy cukier puder i żółtka, chwilkę siekamy nożem, a później rękoma zagniatamy ciasto. Tworzymy kulę i wkładamy do lodówki (min. 1h).",
    },
    {
      "text": "2. Następnie ciasto rozwałkowujemy na cienki placek i wyklejamy nim formę do tarty (24cm).",
    },
    {
      "text": "3. Ciasto pieczemy około 20 minut w 180 stopniach, aż się zarumienieni. Ciasto można nakłuć widelcem (Dodatkowo można je obciążyć grochem lub ceramicznymi kulkami).",
    },
    {
      "text": "4. Kawę zaparzamy w 1 łyżce wrzątku i studzimy.",
    },
    {
      "text": "5. Kremówkę ubijamy na sztywną pianę, dodajemy ostudzoną kawę i mascarpone, delikatnie całość mieszamy aż do połączenia. Dodajemy cukier puder do smaku.",
    },
    {
      "text": "6. Krem wykładamy na wystudzone ciasto. Na kremie układamy umyte i osuszone maliny.",
    },
    {
      "text": "Ciasto przechowujemy w lodówce. Przed podaniem ciasto oprószamy kawą rozpuszczalną i dekorujemy listkami mięty. Smacznego :)",
    },
  ],
  "name": "Tarta z kremem kawowym i malinami",
  "prepTime": 30,
  "rating": 5,
  "servings": 5,
  "tags": [
    "przepisy na ciasta z kremem",
    "kuchnia polska",
    "tarta z kremem kawowym i malinami",
  ],
}
`;
