// Vitest Snapshot v1

exports[`scrapper > should scrape valid recipe 1`] = `
{
  "color": "#7f7f7f",
  "description": "To sposób na pyszny napój dla całej rodziny. Świetnie sprawdzi się na przyjęciach, ładnie wygląda i każdy zawsze sięga po dokładkę :-)
                      Pomarańcze i cytryny kroję na półplasterki, zasypuję cukrem i odstawiam do lodówki. Dodaję też nasiona kardamonu (wcześniej podprażone aby uwolniły swój aromat) oraz liście mięty. Taką mieszankę trzymam w lodówce do czasu podania lemoniady. Wówczas do cytrusów dolewam zimną wodę, świeżo wyciśnięty sok z cytryny, pomarańczy i limonki. Gotową lemoniadę podaję z kostkami lodu.
                      Lato na szczęście ciągle trwa, zapowiada się słoneczna pogoda na następne dni, warto skorzystać z przepisu i zrobić dobrą lemoniadę; świetnie sprawdzi się na stole np. podczas weekendowego grilla ;-)",
  "id": "1",
  "image": "https://www.kwestiasmaku.com/sites/v123.kwestiasmaku.com/files/lemoniada_00.jpg",
  "ingredients": [
    {
      "text": "3 cytryny",
    },
    {
      "text": "1 limonka (lub 1 dodatkowa cytryna)",
    },
    {
      "text": "2 pomarańcze",
    },
    {
      "text": "7 łyżek cukru",
    },
    {
      "text": "1 litr wody niegazowanej",
    },
    {
      "text": "1 gałązka mięty",
    },
    {
      "text": "opcjonalnie: 4 nasiona kardamonu",
    },
  ],
  "instructions": [
    {
      "text": "Cytrusy dokładnie wyszorować, następnie przekroić na połówki. Odkroić po jednej ćwiartce z 1 pomarańczy, 1 cytryny i limonki i pokroić je na plasterki. Włożyć do dzbanka, zasypać cukrem.",
    },
    {
      "text": "Z reszty owoców wycisnąć sok, np. za pomocą wyciskarki, pozbywając się pestek i nadmiaru miąższu. Sok przelać do dzbanka z owocami.",
    },
    {
      "text": "Dodać wodę i gałązkę mięty. Dokładnie wymieszać. W razie potrzeby można dodać więcej wody i cukru (zależy od tego jak soczyste były cytryny).",
    },
  ],
  "name": "Lemoniada",
  "rating": 4.84,
  "servings": 4,
  "tags": [
    "napoje",
    "cytryny",
    "pomarańcze",
    "przyjęcia i imprezy",
    "dla dzieci",
    "sylwester",
    "na upały",
    "kardamon",
  ],
}
`;

exports[`scrapper > should scrape valid recipe with sub-recipes 1`] = `
{
  "color": "#7f7f7f",
  "description": "Ciasto kruche z truskawkami, serem i kruszonką. Tradycyjne ciasto w nowoczesnej odsłonie. Często pytacie o modyfikację tego ulubionego przepisu - czy da się w prosty sposób zamienić rabarbar na truskawki? Jak je przygotować aby ciasto nie namokło od wilgotnych owoców? W tym przepisie rozwiąże Wasze wszelkie wątpliwości.
                     Mocną stroną tego wypieku - oprócz pysznej warstwy serowej i kokosowej kruszonki - jest idealne, kruche i delikatne ciasto z dodatkiem mąki ryżowej lub ziemniaczanej. Mąka ryżowa - kiedyś trudna do kupienia - jest teraz w stałej ofercie większości supermarketów w świetnej cenie. Spróbujcie jej w cieście kruchym a nie będziecie używać już innej :-) Oczywiście możecie użyć też łatwiejszej do dostania mąki ziemniaczanej.",
  "id": "1",
  "image": "https://www.kwestiasmaku.com/sites/v123.kwestiasmaku.com/files/ciasto_kruche_z_truskawkami_i_serem_00.jpg",
  "ingredients": [
    {
      "group": "Ciasto:",
      "text": "150 g mąki pszennej",
    },
    {
      "group": "Ciasto:",
      "text": "100 g mąki ryżowej lub ziemniaczanej",
    },
    {
      "group": "Ciasto:",
      "text": "50 g cukru",
    },
    {
      "group": "Ciasto:",
      "text": "150 g masła (zimnego)",
    },
    {
      "group": "Ciasto:",
      "text": "1 jajko",
    },
    {
      "group": "Masa serowa:",
      "text": "500 g zmielonego twarogu",
    },
    {
      "group": "Masa serowa:",
      "text": "1 budyń waniliowy lub śmietankowy lub 40 g mąki ziemniaczanej",
    },
    {
      "group": "Masa serowa:",
      "text": "100 g cukru",
    },
    {
      "group": "Masa serowa:",
      "text": "2 jajka",
    },
    {
      "group": "Masa serowa:",
      "text": "100 ml śmietanki kremówki (zimnej)",
    },
    {
      "group": "Kruszonka:",
      "text": "150 g mąki pszennej",
    },
    {
      "group": "Kruszonka:",
      "text": "50 g mąki ryżowej lub ziemniaczanej",
    },
    {
      "group": "Kruszonka:",
      "text": "50 g wiórków kokosowych",
    },
    {
      "group": "Kruszonka:",
      "text": "50 g cukru",
    },
    {
      "group": "Kruszonka:",
      "text": "125 g masła (zimnego)",
    },
    {
      "group": "Owoce:",
      "text": "500 g truskawek",
    },
    {
      "group": "Owoce:",
      "text": "słoiczek (około 250 g) konfitury truskawkowej gotowej lub domowej",
    },
    {
      "group": "Owoce:",
      "text": "3/4 szklanki soku lub syropu lub intensywnego kompotu truskawkowego",
    },
    {
      "group": "Owoce:",
      "text": "1/3 szklanki mąki ziemniaczanej lub ryżowej (50 g)",
    },
  ],
  "instructions": [
    {
      "group": "Ciasto:",
      "text": "Formę o wymiarach około 20 x 30 cm posmarować masłem i wyłożyć papierem do pieczenia, tak aby wystawał poza brzegi formy.",
    },
    {
      "group": "Ciasto:",
      "text": "Do miski przesiać obydwie mąki, dodać cukier, pokrojone na kawałeczki zimne masło i rozcierać palcami (lub mieszadłem miksera) aż powstanie drobna kruszonka.",
    },
    {
      "group": "Ciasto:",
      "text": "Dodać jajko i szybko zagnieść ciasto łącząc składniki w jednolitą kulę. Rozpłaszczyć ją, zawinąć w folię i włożyć do lodówki na około 60 minut (w międzyczasie przygotować kruszonkę, truskawki i masę serową).",
    },
    {
      "group": "Ciasto:",
      "text": "Ciastem wyłożyć dno i około 1,5 cm boków formy. Spód podziurkować widelcem i wstawić do lodówki na około 30 minut. Piekarnik nagrzać do 160 stopni C. Piec przez 30 minut na złoty kolor. Wyjąć ciasto, ale nie wyłączać piekarnika.",
    },
    {
      "group": "Kruszonka:",
      "text": "Do miski przesiać obydwie mąki, dodać wiórki kokosowe, cukier oraz pokrojone na kawałeczki zimne masło. Rozcierać palcami masło z mąką aż powstanie drobna kruszonka. Jeśli jest bardzo sypka, drobna, można ugnieść trochę kruszonkę w dłoni aby miejscami złączyła się w większe kawałki ciasta. Wstawić do lodówki.",
    },
    {
      "group": "Owoce:",
      "text": "Truskawki opłukać, osuszyć, oderwać szypułki, pokroić na kawałki. Włożyć do garnka razem ze zmiksowaną blenderem konfiturą. Podgrzewać przez około 5 minut co chwilę mieszając aż owoce zmiękną. Sok truskawkowy wymieszać z mąką ziemniaczaną i wlać do truskawek, wymieszać, chwilę podgrzać i jak tylko zgęstnieje odstawić z ognia i wyłożyć do czystej miski i ostudzić.",
    },
    {
      "group": "Masa serowa:",
      "text": "Do miski włożyć ser, dodać budyń (proszek) i cukier, wymieszać łyżką lub krótko zmiksować. Dodać jajka i wymieszać na jednolitą masę lub zmiksować. Śmietankę ubić na sztywną pianę i dodać do masy serowej, delikatnie wymieszać łyżką.",
    },
    {
      "group": "Masa serowa:",
      "text": "Na podpieczony spód wyłożyć masę serową i wstawić z powrotem do piekarnika. Piec przez 15 - 20 minut aż masa serowa się zetnie. Wyjąć ciasto z piekarnika i zwiększyć temp. w piekarniku do 180 stopni C. Na warstwę serową wyłożyć truskawki i posypać kruszonką. Wstawić do piekarnika na 35 minut.",
    },
  ],
  "name": "Ciasto kruche z truskawkami i serem",
  "rating": 4.45,
  "tags": [
    "truskawki",
    "ciasta kruche",
    "ciasta z truskawkami",
  ],
}
`;
