// Vitest Snapshot v1

exports[`Input > should render correctly 1`] = `
<DocumentFragment>
  .emotion-0 {
  font-family: inherit;
  font-size: 14px;
  font-weight: 500;
  padding: 10px 15px;
  border-radius: 10px;
  border: 1px solid #365463;
  background-color: #fff;
  color: #365463;
  -webkit-flex: 1;
  -ms-flex: 1;
  flex: 1;
}

.emotion-0::-webkit-input-placeholder {
  color: #365463;
  opacity: 1;
}

.emotion-0::-moz-placeholder {
  color: #365463;
  opacity: 1;
}

.emotion-0:-ms-input-placeholder {
  color: #365463;
  opacity: 1;
}

.emotion-0::placeholder {
  color: #365463;
  opacity: 1;
}

<input
    class="emotion-0 emotion-1"
    name="test"
    placeholder="Test"
    value=""
  />
</DocumentFragment>
`;
