// Vitest Snapshot v1

exports[`ScreenHeader > should render header with title and backlink 1`] = `
<DocumentFragment>
  .emotion-0 {
  display: -webkit-box;
  display: -webkit-flex;
  display: -ms-flexbox;
  display: flex;
  -webkit-flex-direction: row;
  -ms-flex-direction: row;
  flex-direction: row;
  -webkit-align-items: center;
  -webkit-box-align: center;
  -ms-flex-align: center;
  align-items: center;
  margin-bottom: 20px;
}

.emotion-2 {
  width: 30px;
  height: 30px;
  color: #365463;
  margin-right: 20px;
  background: none;
  border: none;
  padding: 0;
  cursor: pointer;
}

<div
    class="emotion-0 emotion-1"
    style="opacity: 0; transform: translate3d(50px,0,0);"
  >
    <button
      class="emotion-2 emotion-3"
    >
      <svg
        fill="currentColor"
        viewBox="0 0 330 330"
        xml:space="preserve"
        xmlns="http://www.w3.org/2000/svg"
      >
        <path
          d="M111.213 165.004 250.607 25.607c5.858-5.858 5.858-15.355 0-21.213-5.858-5.858-15.355-5.858-21.213.001l-150 150.004a15 15 0 0 0 0 21.212l150 149.996C232.322 328.536 236.161 330 240 330s7.678-1.464 10.607-4.394c5.858-5.858 5.858-15.355 0-21.213L111.213 165.004z"
        />
      </svg>
    </button>
    <h1>
      Test
    </h1>
  </div>
</DocumentFragment>
`;
