// Vitest Snapshot v1

exports[`InputSetting > should render correctly 1`] = `
<DocumentFragment>
  .emotion-0 {
  display: -webkit-box;
  display: -webkit-flex;
  display: -ms-flexbox;
  display: flex;
  -webkit-flex-direction: row;
  -ms-flex-direction: row;
  flex-direction: row;
  margin-bottom: 30px;
}

.emotion-2 {
  display: -webkit-box;
  display: -webkit-flex;
  display: -ms-flexbox;
  display: flex;
  -webkit-flex-direction: column;
  -ms-flex-direction: column;
  flex-direction: column;
  -webkit-flex: 1;
  -ms-flex: 1;
  flex: 1;
}

.emotion-4 {
  margin-top: 0;
}

.emotion-6 {
  font-size: 12px;
  line-height: 1.4;
  margin-top: -10px;
  color: #365463;
  margin-bottom: 0;
}

.emotion-8 {
  display: -webkit-box;
  display: -webkit-flex;
  display: -ms-flexbox;
  display: flex;
  -webkit-flex-direction: column;
  -ms-flex-direction: column;
  flex-direction: column;
  width: 100%;
}

.emotion-11 {
  font-family: inherit;
  font-size: 14px;
  font-weight: 500;
  padding: 10px 15px;
  border-radius: 10px;
  border: 1px solid #365463;
  background-color: #fff;
  color: #365463;
  -webkit-flex: 1;
  -ms-flex: 1;
  flex: 1;
  width: 70px;
  height: 40px;
  -webkit-align-self: center;
  -ms-flex-item-align: center;
  align-self: center;
}

.emotion-11::-webkit-input-placeholder {
  color: #365463;
  opacity: 1;
}

.emotion-11::-moz-placeholder {
  color: #365463;
  opacity: 1;
}

.emotion-11:-ms-input-placeholder {
  color: #365463;
  opacity: 1;
}

.emotion-11::placeholder {
  color: #365463;
  opacity: 1;
}

<label
    class="emotion-0 emotion-1"
  >
    <div
      class="emotion-2 emotion-3"
    >
      <h3
        class="emotion-4 emotion-5"
      >
        Test
      </h3>
      <p
        class="emotion-6 emotion-7"
      >
        test1
      </p>
    </div>
    <div>
      <div
        class="emotion-8 emotion-9"
      >
        <input
          aria-invalid="false"
          aria-required="false"
          class="emotion-10 emotion-11 emotion-12"
          id="test"
          min="0"
          type="text"
          value="test"
        />
      </div>
    </div>
  </label>
</DocumentFragment>
`;
