// Vitest Snapshot v1

exports[`RadioGroup > should render correctly 1`] = `
<DocumentFragment>
  .emotion-0 {
  display: -webkit-box;
  display: -webkit-flex;
  display: -ms-flexbox;
  display: flex;
  -webkit-flex-direction: column;
  -ms-flex-direction: column;
  flex-direction: column;
  margin-bottom: 30px;
}

.emotion-2 {
  font-size: 12px;
  line-height: 1.4;
  margin-top: -5px;
  margin-bottom: 20px;
  color: #365463;
}

.emotion-4 {
  display: -webkit-box;
  display: -webkit-flex;
  display: -ms-flexbox;
  display: flex;
  -webkit-flex-direction: column;
  -ms-flex-direction: column;
  flex-direction: column;
  -webkit-box-pack: justify;
  -webkit-justify-content: space-between;
  justify-content: space-between;
  gap: 20px;
  background-color: #e7ecef;
  border-radius: 20px;
  padding: 20px;
}

.emotion-6 {
  display: -webkit-box;
  display: -webkit-flex;
  display: -ms-flexbox;
  display: flex;
  -webkit-flex-direction: row;
  -ms-flex-direction: row;
  flex-direction: row;
  -webkit-align-items: flex-end;
  -webkit-box-align: flex-end;
  -ms-flex-align: flex-end;
  align-items: flex-end;
}

.emotion-8 {
  -webkit-appearance: none;
  -moz-appearance: none;
  -ms-appearance: none;
  appearance: none;
  width: 20px;
  height: 20px;
  border-radius: 50%;
  border: 4px solid #f6f8f9;
  background-color: #f6f8f9;
  margin-right: 10px;
  box-shadow: 0 0 1px rgba(57,66,70,0.3);
}

.emotion-8:checked {
  background-color: #365463;
}

<div
    class="emotion-0 emotion-1"
  >
    <h3
      id="test-radiogroup"
    >
      Test
    </h3>
    <p
      class="emotion-2 emotion-3"
    >
      test hint
    </p>
    <div
      aria-labelledby="test-radiogroup"
      class="emotion-4 emotion-5"
      role="radiogroup"
    >
      <label
        class="emotion-6 emotion-7"
      >
        <input
          checked=""
          class="emotion-8 emotion-9"
          name="test"
          type="radio"
          value="test1"
        />
        Test1
      </label>
      <label
        class="emotion-6 emotion-7"
      >
        <input
          class="emotion-8 emotion-9"
          name="test"
          type="radio"
          value="test2"
        />
        Test2
      </label>
    </div>
  </div>
</DocumentFragment>
`;
